╭─~ Statistics───────────────────────────╮
│ [1:Sum] [2:Dist] [3:Mkt]               │
│ $105-$342   ██████████████  3 ★        │
│ $341-$578   █████████░░░░░  2          │
│ $577-$814   █████░░░░░░░░░  1          │
│ $813-$1050  █████░░░░░░░░░  1          │
│ Med:$420.00 P25:$224.50 P75:$62…       │
│                                        │
│                                        │
│                                        │
╰────────────────────────────────────────╯
