╭─~ Statistics───────────────────────────────────────────────────────────────────╮
│ [1:Sum] [2:Dist] [3:Mkt]                                                       │
│ $105-$342   ██████████████████████  3 ★                                        │
│ $341-$578   ███████████████░░░░░░░  2                                          │
│ $577-$814   ███████░░░░░░░░░░░░░░░  1                                          │
│ $813-$1050  ███████░░░░░░░░░░░░░░░  1                                          │
│ P10:$161.40 P25:$224.50 Med:$420.00 P75:$624.50 P90:$870.00                    │
│                                                                                │
│                                                                                │
│                                                                                │
╰────────────────────────────────────────────────────────────────────────────────╯
