╭─~ Statistics───────────────────────────╮
│ [1:Sum] [2:Dist] [3:Mkt]               │
│ Results: 7  Spread: Wide               │
│ Trend: ▁▁▁▁▂▂▂▂▄▄▄▄▆▆▆▆▂▂▂▂▃▃▃▃████    │
│ Min: $105.00  Max: $1050.00            │
│ Avg: $467.57  Med: $420.00             │
│ P25: $224.50  P75: $624.50             │
│ StdDev: $310.11  CoV: 0.66             │
│                                        │
│                                        │
╰────────────────────────────────────────╯
