╭─~ Statistics───────────────────────────╮
│ [1:Sum] [2:Dist] [3:Mkt]               │
│ eBay   █████████░░░░░░ $468.33 3       │
│ Merca… █████████░░░░░░ $459.50 2       │
│ Amazon ███████████████ $750.00 1       │
│ Faceb… ████░░░░░░░░░░░ $199.00 1       │
│ S:3 $341.33  A:4 $562.25               │
│ ST: 43%  █████░░░░░░░                  │
│                                        │
│                                        │
╰────────────────────────────────────────╯
