╭─~ Statistics───────────────────────────────────────────────────────────────────────────────────────────────────────────╮
│ [1:Sum] [2:Dist] [3:Mkt]                                                                                               │
│ eBay     ██████████░░░░░░ $468.33 (3)                                                                                  │
│ Mercari  ██████████░░░░░░ $459.50 (2)                                                                                  │
│ Amazon   ████████████████ $750.00 (1)                                                                                  │
│ Facebook ████░░░░░░░░░░░░ $199.00 (1)                                                                                  │
│ Sold:3 avg $341.33  Active:4 avg $562.25                                                                               │
│ Sell-through: 43%  ████████░░░░░░░░░░                                                                                  │
│                                                                                                                        │
│                                                                                                                        │
╰────────────────────────────────────────────────────────────────────────────────────────────────────────────────────────╯
